// Jest Snapshot v1, https://goo.gl/fbAQLP

exports[`SummaryMessage buildBodyContent should return correct body object 1`] = `
{
  "backgroundColor": undefined,
  "contents": [
    {
      "backgroundColor": undefined,
      "contents": [
        {
          "align": undefined,
          "color": undefined,
          "decoration": undefined,
          "flex": 4,
          "margin": undefined,
          "size": "md",
          "text": "支出：",
          "type": "text",
          "weight": "bold",
          "wrap": true,
        },
        {
          "align": "end",
          "color": undefined,
          "decoration": "underline",
          "flex": 5,
          "margin": undefined,
          "size": "md",
          "text": "¥ 4,000",
          "type": "text",
          "weight": "bold",
          "wrap": true,
        },
      ],
      "justifyContent": undefined,
      "layout": "horizontal",
      "margin": undefined,
      "type": "box",
    },
    SeparatorContent {
      "margin": "md",
      "type": "separator",
    },
    {
      "backgroundColor": undefined,
      "contents": [
        FillerContent {
          "flex": undefined,
          "type": "filler",
        },
        {
          "align": undefined,
          "color": undefined,
          "decoration": undefined,
          "flex": 4,
          "margin": undefined,
          "size": "md",
          "text": "前月比",
          "type": "text",
          "weight": "bold",
          "wrap": true,
        },
        {
          "align": "end",
          "color": "#1E90FF",
          "decoration": undefined,
          "flex": 5,
          "margin": undefined,
          "size": "md",
          "text": "↓ ¥ 0",
          "type": "text",
          "weight": "bold",
          "wrap": true,
        },
      ],
      "justifyContent": undefined,
      "layout": "horizontal",
      "margin": "md",
      "type": "box",
    },
    {
      "backgroundColor": undefined,
      "contents": [
        {
          "backgroundColor": undefined,
          "contents": [
            FillerContent {
              "flex": undefined,
              "type": "filler",
            },
            {
              "align": undefined,
              "color": undefined,
              "decoration": undefined,
              "flex": 3,
              "margin": undefined,
              "size": "sm",
              "text": "固定費",
              "type": "text",
              "weight": undefined,
              "wrap": true,
            },
            {
              "align": undefined,
              "color": undefined,
              "decoration": undefined,
              "flex": 3,
              "margin": undefined,
              "size": "sm",
              "text": "固定費1",
              "type": "text",
              "weight": undefined,
              "wrap": true,
            },
            {
              "align": "end",
              "color": undefined,
              "decoration": undefined,
              "flex": 3,
              "margin": undefined,
              "size": undefined,
              "text": "¥ 1,000",
              "type": "text",
              "weight": undefined,
              "wrap": true,
            },
          ],
          "justifyContent": "flex-start",
          "layout": "horizontal",
          "margin": "xs",
          "type": "box",
        },
        {
          "backgroundColor": undefined,
          "contents": [
            FillerContent {
              "flex": 4,
              "type": "filler",
            },
            {
              "align": undefined,
              "color": undefined,
              "decoration": undefined,
              "flex": 3,
              "margin": undefined,
              "size": "sm",
              "text": "固定費2",
              "type": "text",
              "weight": undefined,
              "wrap": true,
            },
            {
              "align": "end",
              "color": undefined,
              "decoration": undefined,
              "flex": 3,
              "margin": undefined,
              "size": undefined,
              "text": "¥ 200",
              "type": "text",
              "weight": undefined,
              "wrap": true,
            },
          ],
          "justifyContent": "flex-start",
          "layout": "horizontal",
          "margin": "xs",
          "type": "box",
        },
        {
          "backgroundColor": undefined,
          "contents": [
            FillerContent {
              "flex": 4,
              "type": "filler",
            },
            {
              "align": undefined,
              "color": undefined,
              "decoration": undefined,
              "flex": 3,
              "margin": undefined,
              "size": "sm",
              "text": "固定費3",
              "type": "text",
              "weight": undefined,
              "wrap": true,
            },
            {
              "align": "end",
              "color": undefined,
              "decoration": undefined,
              "flex": 3,
              "margin": undefined,
              "size": undefined,
              "text": "¥ 0",
              "type": "text",
              "weight": undefined,
              "wrap": true,
            },
          ],
          "justifyContent": "flex-start",
          "layout": "horizontal",
          "margin": "xs",
          "type": "box",
        },
      ],
      "justifyContent": undefined,
      "layout": "vertical",
      "margin": "sm",
      "type": "box",
    },
    SeparatorContent {
      "margin": "xl",
      "type": "separator",
    },
    ImageContent {
      "align": "center",
      "margin": undefined,
      "size": "full",
      "type": "image",
      "url": "https://dummy.com",
    },
  ],
  "justifyContent": undefined,
  "layout": "vertical",
  "margin": undefined,
  "type": "box",
}
`;

exports[`SummaryMessage buildHeaderContent should return correct header object 1`] = `
{
  "backgroundColor": "#1E90FF",
  "contents": [
    {
      "align": "center",
      "color": "#FFFFFFFF",
      "decoration": undefined,
      "flex": undefined,
      "margin": undefined,
      "size": "xl",
      "text": "5 月のまとめ💸",
      "type": "text",
      "weight": "bold",
      "wrap": true,
    },
  ],
  "justifyContent": undefined,
  "layout": "vertical",
  "margin": undefined,
  "type": "box",
}
`;
